--- train.attempt1.out (lines 281-292) ---
epoch=50/60 step=99 loss=0.0722:  82%|████████▎ | 99/120 [02:02<00:24,  1.15s/it]
epoch=50/60 step=99 loss=0.0722:  83%|████████▎ | 100/120 [02:03<00:22,  1.13s/it]
epoch=50/60 step=100 loss=0.0580:  83%|████████▎ | 100/120 [02:03<00:22,  1.13s/it]
epoch=50/60 step=100 loss=0.0580:  84%|████████▍ | 101/120 [02:05<00:21,  1.12s/it]
epoch=51/60 step=101 loss=0.0371:  84%|████████▍ | 101/120 [02:05<00:21,  1.12s/it]Warning: Queue error - HSA_STATUS_ERROR_MEMORY_FAULT
VGPU(0x56500bc2d210) hang analysis:
SWq=0x7fb75a268000, HWq=0x7fb46e200000, id=1, priority=1, Dispatch Header = 0xd02 (type=2, barrier=1, acquire=2, release=1), setup=3, grid=[6144, 1, 1], workgroup=[128, 1, 1], private_seg_size=0, group_seg_size=25088, kernel_obj=0x7fb23428e480, kernarg_address=0x7fb461f7d200, completion_signal=0x0, rptr=3353460, wptr=3353739
:0:rocdevice.cpp            :3905: 53892590555 us:  Memory Fault Error [host: acitehost, GPU index: 0, faulting addr: 0x7fb3edc00000, kernel: Cijk_Ailk_Bjlk_BBS_BH_Bias_HA_S_SAV_UserArgs_MT32x32x128_MI16x16x1_SN_LDSB0_AFC1_AG0_AGGSUA0_AGNTAB0_AFEM1_AFEM1_ASEM1_BL1_BS1_CD1_1_CLR1_CLS0_CADS0_DTLA0_DTLB0_DTLM0_DTVA1_DTVB0_DTVMXSA0_DTVMXSB0_DTVSM0_DPLB0_EPS0_ELFLR0_EMLLn1_FDSI0_GRPM1_GRVWA8_GRVWB8_GSUAMB_GLS0_HPLR0_ISA1201_ICIW0_IU1_K1_LDSTI0_LBSPPA0_LBSPPB512_LBSPPMXSA0_LBSPPMXSB0_LBSPPM0_LPA0_LPB16_LPMXSA0_LPMXSB0_LPM0_LRVW8_LWPMn1_MIAV1_MIWT1_1_MXLIBL_MXSFNS_MO40_MGRIPM1_NTn1_NTA0_NTB0_NTC0_NTD0_NTE0_NTMXSA0_NTMXSB0_NTM0_NTWS0_NVn1_NVA0_NVB0_NVC0_NVD0_NVE0_NVMXSA0_NVMXSB0_NVM0_NVWS0_NEPBS0_NLCA1_NLCB1_ONLL0_PAP0_PGL0_PGR2_PLR1_PKA0_SGROB0_SIA3_SS0_SPO0_SRVW0_SSO0_SVW8_SK0_SKFTR0_SKFDPO0_SKWS0_SKXCCM0_SNLL0_SIP1_SGRO0_TDMI0_TDMIM0_TDMS0_TIN0_THn1_THA0_THB0_THC0_THD0_THE0_THMXSA0_THMXSB0_THM0_THWS0_TLDS0_TLDSM1_ULSGRO0_USL1_USLMX0_UDFMAC0_UIOFGRO0_UPLRP0_USFGROn1_USI0_VSn1_VWA1_VWB1_WSGRA0_WSGRB0_WS32_WG32_4_1_WGMXCC1]
Memory access fault by GPU node-1 (Agent handle: 0x5650083cebd0) on address 0x7fb3edc00000. Reason: Page not present or supervisor privilege.
Failed to write program header: Broken pipe
GPU coredump: handler exited with error (status: 1)
GPU core dump failed

--- train.attempt2.out (lines 282-293) ---
epoch=50/60 step=99 loss=0.0722:  82%|████████▎ | 99/120 [02:02<00:23,  1.14s/it]
epoch=50/60 step=99 loss=0.0722:  83%|████████▎ | 100/120 [02:03<00:22,  1.11s/it]
epoch=50/60 step=100 loss=0.0580:  83%|████████▎ | 100/120 [02:03<00:22,  1.11s/it]
epoch=50/60 step=100 loss=0.0580:  84%|████████▍ | 101/120 [02:04<00:20,  1.10s/it]
epoch=51/60 step=101 loss=0.0371:  84%|████████▍ | 101/120 [02:04<00:20,  1.10s/it]Warning: Queue error - HSA_STATUS_ERROR_MEMORY_FAULT
VGPU(0x560b809dc050) hang analysis:
SWq=0x7fdc645ba000, HWq=0x7fd97d800000, id=1, priority=1, Dispatch Header = 0xd02 (type=2, barrier=1, acquire=2, release=1), setup=3, grid=[6144, 1, 1], workgroup=[128, 1, 1], private_seg_size=0, group_seg_size=25088, kernel_obj=0x7fd6a2c8e480, kernarg_address=0x7fd97d57d200, completion_signal=0x0, rptr=3353460, wptr=3353739
:0:rocdevice.cpp            :3905: 54081633450 us:  Memory Fault Error [host: acitehost, GPU index: 0, faulting addr: 0x7fd902200000, kernel: Cijk_Ailk_Bjlk_BBS_BH_Bias_HA_S_SAV_UserArgs_MT32x32x128_MI16x16x1_SN_LDSB0_AFC1_AG0_AGGSUA0_AGNTAB0_AFEM1_AFEM1_ASEM1_BL1_BS1_CD1_1_CLR1_CLS0_CADS0_DTLA0_DTLB0_DTLM0_DTVA1_DTVB0_DTVMXSA0_DTVMXSB0_DTVSM0_DPLB0_EPS0_ELFLR0_EMLLn1_FDSI0_GRPM1_GRVWA8_GRVWB8_GSUAMB_GLS0_HPLR0_ISA1201_ICIW0_IU1_K1_LDSTI0_LBSPPA0_LBSPPB512_LBSPPMXSA0_LBSPPMXSB0_LBSPPM0_LPA0_LPB16_LPMXSA0_LPMXSB0_LPM0_LRVW8_LWPMn1_MIAV1_MIWT1_1_MXLIBL_MXSFNS_MO40_MGRIPM1_NTn1_NTA0_NTB0_NTC0_NTD0_NTE0_NTMXSA0_NTMXSB0_NTM0_NTWS0_NVn1_NVA0_NVB0_NVC0_NVD0_NVE0_NVMXSA0_NVMXSB0_NVM0_NVWS0_NEPBS0_NLCA1_NLCB1_ONLL0_PAP0_PGL0_PGR2_PLR1_PKA0_SGROB0_SIA3_SS0_SPO0_SRVW0_SSO0_SVW8_SK0_SKFTR0_SKFDPO0_SKWS0_SKXCCM0_SNLL0_SIP1_SGRO0_TDMI0_TDMIM0_TDMS0_TIN0_THn1_THA0_THB0_THC0_THD0_THE0_THMXSA0_THMXSB0_THM0_THWS0_TLDS0_TLDSM1_ULSGRO0_USL1_USLMX0_UDFMAC0_UIOFGRO0_UPLRP0_USFGROn1_USI0_VSn1_VWA1_VWB1_WSGRA0_WSGRB0_WS32_WG32_4_1_WGMXCC1]
Memory access fault by GPU node-1 (Agent handle: 0x560b7a704660) on address 0x7fd902200000. Reason: Page not present or supervisor privilege.
Failed to write program header: Broken pipe
GPU coredump: handler exited with error (status: 1)
GPU core dump failed
