Sep 14 20:14:05 acitehost kernel: amdgpu 0000:03:00.0: [gfxhub] page fault (src_id:0 ring:157 vmid:9 pasid:935)
Sep 14 20:14:05 acitehost kernel: amdgpu 0000:03:00.0:  Process python pid 214146 thread python pid 214146
Sep 14 20:14:05 acitehost kernel: amdgpu 0000:03:00.0:   in page starting at address 0x00007f4d79400000 from client 10
Sep 14 20:14:05 acitehost kernel: amdgpu 0000:03:00.0: GCVM_L2_PROTECTION_FAULT_STATUS:0x0090113B
Sep 14 20:14:05 acitehost kernel: amdgpu 0000:03:00.0:          Faulty UTCL2 client ID: TCP (0x8)
Sep 14 20:14:05 acitehost kernel: amdgpu 0000:03:00.0:          MORE_FAULTS: 0x1
Sep 14 20:14:05 acitehost kernel: amdgpu 0000:03:00.0:          WALKER_ERROR: 0x5
Sep 14 20:14:05 acitehost kernel: amdgpu 0000:03:00.0:          PERMISSION_FAULTS: 0x3
Sep 14 20:14:05 acitehost kernel: amdgpu 0000:03:00.0:          MAPPING_ERROR: 0x1
Sep 14 20:14:05 acitehost kernel: amdgpu 0000:03:00.0:          RW: 0x0
Sep 14 20:14:05 acitehost kernel: amdgpu 0000:03:00.0: [gfxhub] page fault (src_id:0 ring:157 vmid:9 pasid:935)
Sep 14 20:14:05 acitehost kernel: amdgpu 0000:03:00.0:  Process python pid 214146 thread python pid 214146
Sep 14 20:14:05 acitehost kernel: amdgpu 0000:03:00.0:   in page starting at address 0x00007f4d79400000 from client 10
Sep 14 20:14:05 acitehost kernel: amdgpu 0000:03:00.0: [gfxhub] page fault (src_id:0 ring:157 vmid:9 pasid:935)
Sep 14 20:14:05 acitehost kernel: amdgpu 0000:03:00.0:  Process python pid 214146 thread python pid 214146
Sep 14 20:14:05 acitehost kernel: amdgpu 0000:03:00.0:   in page starting at address 0x00007f4d79400000 from client 10
Sep 14 20:14:05 acitehost kernel: amdgpu 0000:03:00.0: [gfxhub] page fault (src_id:0 ring:157 vmid:9 pasid:935)
Sep 14 20:14:05 acitehost kernel: amdgpu 0000:03:00.0:  Process python pid 214146 thread python pid 214146
Sep 14 20:14:05 acitehost kernel: amdgpu 0000:03:00.0:   in page starting at address 0x00007f4d79400000 from client 10
Sep 14 20:17:31 acitehost kernel: amdgpu 0000:03:00.0: [gfxhub] page fault (src_id:0 ring:157 vmid:8 pasid:946)
Sep 14 20:17:31 acitehost kernel: amdgpu 0000:03:00.0:  Process python pid 214881 thread python pid 214881
Sep 14 20:17:31 acitehost kernel: amdgpu 0000:03:00.0:   in page starting at address 0x00007fd56be00000 from client 10
Sep 14 20:17:31 acitehost kernel: amdgpu 0000:03:00.0: GCVM_L2_PROTECTION_FAULT_STATUS:0x0080113B
Sep 14 20:17:31 acitehost kernel: amdgpu 0000:03:00.0:          Faulty UTCL2 client ID: TCP (0x8)
Sep 14 20:17:31 acitehost kernel: amdgpu 0000:03:00.0:          MORE_FAULTS: 0x1
Sep 14 20:17:31 acitehost kernel: amdgpu 0000:03:00.0:          WALKER_ERROR: 0x5
Sep 14 20:17:31 acitehost kernel: amdgpu 0000:03:00.0:          PERMISSION_FAULTS: 0x3
Sep 14 20:17:31 acitehost kernel: amdgpu 0000:03:00.0:          MAPPING_ERROR: 0x1
Sep 14 20:17:31 acitehost kernel: amdgpu 0000:03:00.0:          RW: 0x0
Sep 14 20:17:31 acitehost kernel: amdgpu 0000:03:00.0: [gfxhub] page fault (src_id:0 ring:157 vmid:8 pasid:946)
Sep 14 20:17:31 acitehost kernel: amdgpu 0000:03:00.0:  Process python pid 214881 thread python pid 214881
Sep 14 20:17:31 acitehost kernel: amdgpu 0000:03:00.0:   in page starting at address 0x00007fd56be00000 from client 10
Sep 14 20:17:31 acitehost kernel: amdgpu 0000:03:00.0: [gfxhub] page fault (src_id:0 ring:157 vmid:8 pasid:946)
Sep 14 20:17:31 acitehost kernel: amdgpu 0000:03:00.0:  Process python pid 214881 thread python pid 214881
Sep 14 20:17:31 acitehost kernel: amdgpu 0000:03:00.0:   in page starting at address 0x00007fd56be00000 from client 10
Sep 14 20:17:31 acitehost kernel: amdgpu 0000:03:00.0: [gfxhub] page fault (src_id:0 ring:157 vmid:8 pasid:946)
Sep 14 20:17:31 acitehost kernel: amdgpu 0000:03:00.0:  Process python pid 214881 thread python pid 214881
Sep 14 20:17:31 acitehost kernel: amdgpu 0000:03:00.0:   in page starting at address 0x00007fd56be00000 from client 10
Sep 14 20:20:47 acitehost kernel: amdgpu 0000:03:00.0: [gfxhub] page fault (src_id:0 ring:157 vmid:9 pasid:957)
Sep 14 20:20:47 acitehost kernel: amdgpu 0000:03:00.0:  Process python pid 217578 thread python pid 217578
Sep 14 20:20:47 acitehost kernel: amdgpu 0000:03:00.0:   in page starting at address 0x00007f928a000000 from client 10
Sep 14 20:20:47 acitehost kernel: amdgpu 0000:03:00.0: GCVM_L2_PROTECTION_FAULT_STATUS:0x0090113B
Sep 14 20:20:47 acitehost kernel: amdgpu 0000:03:00.0:          Faulty UTCL2 client ID: TCP (0x8)
Sep 14 20:20:47 acitehost kernel: amdgpu 0000:03:00.0:          MORE_FAULTS: 0x1
Sep 14 20:20:47 acitehost kernel: amdgpu 0000:03:00.0:          WALKER_ERROR: 0x5
Sep 14 20:20:47 acitehost kernel: amdgpu 0000:03:00.0:          PERMISSION_FAULTS: 0x3
Sep 14 20:20:47 acitehost kernel: amdgpu 0000:03:00.0:          MAPPING_ERROR: 0x1
Sep 14 20:20:47 acitehost kernel: amdgpu 0000:03:00.0:          RW: 0x0
Sep 14 20:20:47 acitehost kernel: amdgpu 0000:03:00.0: [gfxhub] page fault (src_id:0 ring:157 vmid:9 pasid:957)
Sep 14 20:20:47 acitehost kernel: amdgpu 0000:03:00.0:  Process python pid 217578 thread python pid 217578
Sep 14 20:20:47 acitehost kernel: amdgpu 0000:03:00.0:   in page starting at address 0x00007f928a000000 from client 10
Sep 14 20:20:47 acitehost kernel: amdgpu 0000:03:00.0: [gfxhub] page fault (src_id:0 ring:157 vmid:9 pasid:957)
Sep 14 20:20:47 acitehost kernel: amdgpu 0000:03:00.0:  Process python pid 217578 thread python pid 217578
Sep 14 20:20:47 acitehost kernel: amdgpu 0000:03:00.0:   in page starting at address 0x00007f928a000000 from client 10
Sep 14 20:20:47 acitehost kernel: amdgpu 0000:03:00.0: [gfxhub] page fault (src_id:0 ring:157 vmid:9 pasid:957)
Sep 14 20:20:47 acitehost kernel: amdgpu 0000:03:00.0:  Process python pid 217578 thread python pid 217578
Sep 14 20:20:47 acitehost kernel: amdgpu 0000:03:00.0:   in page starting at address 0x00007f928a000000 from client 10
Sep 14 20:53:35 acitehost kernel: amdgpu 0000:03:00.0: [gfxhub] page fault (src_id:0 ring:157 vmid:9 pasid:1071)
Sep 14 20:53:35 acitehost kernel: amdgpu 0000:03:00.0:  Process python pid 231641 thread python pid 231641
Sep 14 20:53:35 acitehost kernel: amdgpu 0000:03:00.0:   in page starting at address 0x00007f8cba400000 from client 10
Sep 14 20:53:35 acitehost kernel: amdgpu 0000:03:00.0: GCVM_L2_PROTECTION_FAULT_STATUS:0x0090113B
Sep 14 20:53:35 acitehost kernel: amdgpu 0000:03:00.0:          Faulty UTCL2 client ID: TCP (0x8)
Sep 14 20:53:35 acitehost kernel: amdgpu 0000:03:00.0:          MORE_FAULTS: 0x1
Sep 14 20:53:35 acitehost kernel: amdgpu 0000:03:00.0:          WALKER_ERROR: 0x5
Sep 14 20:53:35 acitehost kernel: amdgpu 0000:03:00.0:          PERMISSION_FAULTS: 0x3
Sep 14 20:53:35 acitehost kernel: amdgpu 0000:03:00.0:          MAPPING_ERROR: 0x1
Sep 14 20:53:35 acitehost kernel: amdgpu 0000:03:00.0:          RW: 0x0
Sep 14 20:53:35 acitehost kernel: amdgpu 0000:03:00.0: [gfxhub] page fault (src_id:0 ring:157 vmid:9 pasid:1071)
Sep 14 20:53:35 acitehost kernel: amdgpu 0000:03:00.0:  Process python pid 231641 thread python pid 231641
Sep 14 20:53:35 acitehost kernel: amdgpu 0000:03:00.0:   in page starting at address 0x00007f8cba400000 from client 10
Sep 14 20:53:35 acitehost kernel: amdgpu 0000:03:00.0: [gfxhub] page fault (src_id:0 ring:157 vmid:9 pasid:1071)
Sep 14 20:53:35 acitehost kernel: amdgpu 0000:03:00.0:  Process python pid 231641 thread python pid 231641
Sep 14 20:53:35 acitehost kernel: amdgpu 0000:03:00.0:   in page starting at address 0x00007f8cba400000 from client 10
Sep 14 20:53:35 acitehost kernel: amdgpu 0000:03:00.0: [gfxhub] page fault (src_id:0 ring:157 vmid:9 pasid:1071)
Sep 14 20:53:35 acitehost kernel: amdgpu 0000:03:00.0:  Process python pid 231641 thread python pid 231641
Sep 14 20:53:35 acitehost kernel: amdgpu 0000:03:00.0:   in page starting at address 0x00007f8cba400000 from client 10
Sep 14 20:59:18 acitehost kernel: amdgpu 0000:03:00.0: [gfxhub] page fault (src_id:0 ring:157 vmid:9 pasid:1097)
Sep 14 20:59:18 acitehost kernel: amdgpu 0000:03:00.0:  Process python pid 234258 thread python pid 234258
Sep 14 20:59:18 acitehost kernel: amdgpu 0000:03:00.0:   in page starting at address 0x00007fb3edc00000 from client 10
Sep 14 20:59:18 acitehost kernel: amdgpu 0000:03:00.0: GCVM_L2_PROTECTION_FAULT_STATUS:0x0090113B
Sep 14 20:59:18 acitehost kernel: amdgpu 0000:03:00.0:          Faulty UTCL2 client ID: TCP (0x8)
Sep 14 20:59:18 acitehost kernel: amdgpu 0000:03:00.0:          MORE_FAULTS: 0x1
Sep 14 20:59:18 acitehost kernel: amdgpu 0000:03:00.0:          WALKER_ERROR: 0x5
Sep 14 20:59:18 acitehost kernel: amdgpu 0000:03:00.0:          PERMISSION_FAULTS: 0x3
Sep 14 20:59:18 acitehost kernel: amdgpu 0000:03:00.0:          MAPPING_ERROR: 0x1
Sep 14 20:59:18 acitehost kernel: amdgpu 0000:03:00.0:          RW: 0x0
Sep 14 20:59:18 acitehost kernel: amdgpu 0000:03:00.0: [gfxhub] page fault (src_id:0 ring:157 vmid:9 pasid:1097)
Sep 14 20:59:18 acitehost kernel: amdgpu 0000:03:00.0:  Process python pid 234258 thread python pid 234258
Sep 14 20:59:18 acitehost kernel: amdgpu 0000:03:00.0:   in page starting at address 0x00007fb3edc00000 from client 10
Sep 14 20:59:18 acitehost kernel: amdgpu 0000:03:00.0: [gfxhub] page fault (src_id:0 ring:157 vmid:9 pasid:1097)
Sep 14 20:59:18 acitehost kernel: amdgpu 0000:03:00.0:  Process python pid 234258 thread python pid 234258
Sep 14 20:59:18 acitehost kernel: amdgpu 0000:03:00.0:   in page starting at address 0x00007fb3edc00000 from client 10
Sep 14 20:59:18 acitehost kernel: amdgpu 0000:03:00.0: [gfxhub] page fault (src_id:0 ring:157 vmid:9 pasid:1097)
Sep 14 20:59:18 acitehost kernel: amdgpu 0000:03:00.0:  Process python pid 234258 thread python pid 234258
Sep 14 20:59:18 acitehost kernel: amdgpu 0000:03:00.0:   in page starting at address 0x00007fb3edc00000 from client 10
Sep 14 21:02:27 acitehost kernel: amdgpu 0000:03:00.0: [gfxhub] page fault (src_id:0 ring:157 vmid:9 pasid:1112)
Sep 14 21:02:27 acitehost kernel: amdgpu 0000:03:00.0:  Process python pid 234857 thread python pid 234857
Sep 14 21:02:27 acitehost kernel: amdgpu 0000:03:00.0:   in page starting at address 0x00007fd902200000 from client 10
Sep 14 21:02:27 acitehost kernel: amdgpu 0000:03:00.0: GCVM_L2_PROTECTION_FAULT_STATUS:0x0090113B
Sep 14 21:02:27 acitehost kernel: amdgpu 0000:03:00.0:          Faulty UTCL2 client ID: TCP (0x8)
Sep 14 21:02:27 acitehost kernel: amdgpu 0000:03:00.0:          MORE_FAULTS: 0x1
Sep 14 21:02:27 acitehost kernel: amdgpu 0000:03:00.0:          WALKER_ERROR: 0x5
Sep 14 21:02:27 acitehost kernel: amdgpu 0000:03:00.0:          PERMISSION_FAULTS: 0x3
Sep 14 21:02:27 acitehost kernel: amdgpu 0000:03:00.0:          MAPPING_ERROR: 0x1
Sep 14 21:02:27 acitehost kernel: amdgpu 0000:03:00.0:          RW: 0x0
Sep 14 21:02:27 acitehost kernel: amdgpu 0000:03:00.0: [gfxhub] page fault (src_id:0 ring:157 vmid:9 pasid:1112)
Sep 14 21:02:27 acitehost kernel: amdgpu 0000:03:00.0:  Process python pid 234857 thread python pid 234857
Sep 14 21:02:27 acitehost kernel: amdgpu 0000:03:00.0:   in page starting at address 0x00007fd902200000 from client 10
Sep 14 21:02:27 acitehost kernel: amdgpu 0000:03:00.0: [gfxhub] page fault (src_id:0 ring:157 vmid:9 pasid:1112)
Sep 14 21:02:27 acitehost kernel: amdgpu 0000:03:00.0:  Process python pid 234857 thread python pid 234857
Sep 14 21:02:27 acitehost kernel: amdgpu 0000:03:00.0:   in page starting at address 0x00007fd902200000 from client 10
Sep 14 21:02:27 acitehost kernel: amdgpu 0000:03:00.0: [gfxhub] page fault (src_id:0 ring:157 vmid:9 pasid:1112)
Sep 14 21:02:27 acitehost kernel: amdgpu 0000:03:00.0:  Process python pid 234857 thread python pid 234857
Sep 14 21:02:27 acitehost kernel: amdgpu 0000:03:00.0:   in page starting at address 0x00007fd902200000 from client 10
