#     0.00s start  live=0/0 B | ledger free vram 17026777088 B (16238.0 MiB) | driver free vram 17021251584 B (16232.7 MiB) | ledger - driver 5525504 B (5.3 MiB) | driver vram_used 74731520 B (71.3 MiB)
#     4.52s replay live=12/157286400 B | ledger free vram 16693329920 B (15920.0 MiB) | driver free vram 16632479744 B (15862.0 MiB) | ledger - driver 60850176 B (58.0 MiB) | driver vram_used 463503360 B (442.0 MiB)
#     5.02s replay live=49/505413632 B | ledger free vram 16366174208 B (15608.0 MiB) | driver free vram 16301129728 B (15546.0 MiB) | ledger - driver 65044480 B (62.0 MiB) | driver vram_used 794853376 B (758.0 MiB)
#     5.52s replay live=102/1239416832 B | ledger free vram 15632171008 B (14908.0 MiB) | driver free vram 15567122432 B (14846.0 MiB) | ledger - driver 65048576 B (62.0 MiB) | driver vram_used 1528860672 B (1458.0 MiB)
#     6.03s replay live=151/1973420032 B | ledger free vram 14898167808 B (14208.0 MiB) | driver free vram 14833115136 B (14146.0 MiB) | ledger - driver 65052672 B (62.0 MiB) | driver vram_used 2262867968 B (2158.0 MiB)
#     6.53s replay live=203/2717908992 B | ledger free vram 14153678848 B (13498.0 MiB) | driver free vram 14088622080 B (13436.0 MiB) | ledger - driver 65056768 B (62.0 MiB) | driver vram_used 3007361024 B (2868.0 MiB)
#     7.05s replay live=257/3466592256 B | ledger free vram 13404995584 B (12784.0 MiB) | driver free vram 13339938816 B (12722.0 MiB) | ledger - driver 65056768 B (62.0 MiB) | driver vram_used 3756044288 B (3582.0 MiB)
#     7.55s replay live=310/4181721088 B | ledger free vram 12689866752 B (12102.0 MiB) | driver free vram 12624805888 B (12040.0 MiB) | ledger - driver 65060864 B (62.0 MiB) | driver vram_used 4471177216 B (4264.0 MiB)
#     8.06s replay live=359/4863295488 B | ledger free vram 12008292352 B (11452.0 MiB) | driver free vram 11943227392 B (11389.9 MiB) | ledger - driver 65064960 B (62.1 MiB) | driver vram_used 5152755712 B (4914.1 MiB)
#     8.57s replay live=410/5614075904 B | ledger free vram 11257511936 B (10736.0 MiB) | driver free vram 11192442880 B (10673.9 MiB) | ledger - driver 65069056 B (62.1 MiB) | driver vram_used 5903540224 B (5630.1 MiB)
#     9.32s replay live=428/6043992064 B | ledger free vram 10827595776 B (10326.0 MiB) | driver free vram 10762526720 B (10263.9 MiB) | ledger - driver 65069056 B (62.1 MiB) | driver vram_used 6333456384 B (6040.1 MiB)
#     9.82s replay live=492/6857687040 B | ledger free vram 10013900800 B (9550.0 MiB) | driver free vram 9948827648 B (9487.9 MiB) | ledger - driver 65073152 B (62.1 MiB) | driver vram_used 7147155456 B (6816.1 MiB)
#    12.02s replay live=540/7486832640 B | ledger free vram 9384755200 B (8950.0 MiB) | driver free vram 9319673856 B (8887.9 MiB) | ledger - driver 65081344 B (62.1 MiB) | driver vram_used 7776309248 B (7416.1 MiB)
#    12.56s replay live=545/7599030272 B | ledger free vram 9271508992 B (8842.0 MiB) | driver free vram 9206349824 B (8779.9 MiB) | ledger - driver 65159168 B (62.1 MiB) | driver vram_used 7889633280 B (7524.1 MiB)
#    13.38s replay live=585/7781482496 B | ledger free vram 9065988096 B (8646.0 MiB) | driver free vram 9000824832 B (8583.9 MiB) | ledger - driver 65163264 B (62.1 MiB) | driver vram_used 8095158272 B (7720.1 MiB)
#    13.88s replay live=647/8479834112 B | ledger free vram 8342470656 B (7956.0 MiB) | driver free vram 8252137472 B (7869.9 MiB) | ledger - driver 90333184 B (86.1 MiB) | driver vram_used 8843845632 B (8434.1 MiB)
#    14.38s replay live=620/9181331456 B | ledger free vram 7683964928 B (7328.0 MiB) | driver free vram 7459409920 B (7113.8 MiB) | ledger - driver 224555008 B (214.2 MiB) | driver vram_used 9636573184 B (9190.2 MiB)
#    14.88s replay live=718/8499757056 B | ledger free vram 8338276352 B (7952.0 MiB) | driver free vram 7971115008 B (7601.8 MiB) | ledger - driver 367161344 B (350.2 MiB) | driver vram_used 9124868096 B (8702.2 MiB)
#    15.38s replay live=863/8877244416 B | ledger free vram 7988051968 B (7618.0 MiB) | driver free vram 7761399808 B (7401.8 MiB) | ledger - driver 226652160 B (216.2 MiB) | driver vram_used 9334583296 B (8902.2 MiB)
#    15.88s replay live=1034/10242490368 B | ledger free vram 6530531328 B (6228.0 MiB) | driver free vram 5934772224 B (5659.8 MiB) | ledger - driver 595759104 B (568.2 MiB) | driver vram_used 11161210880 B (10644.2 MiB)
#    16.52s replay live=1092/10057940992 B | ledger free vram 6794772480 B (6480.0 MiB) | driver free vram 6152871936 B (5867.8 MiB) | ledger - driver 641900544 B (612.2 MiB) | driver vram_used 10943111168 B (10436.2 MiB)
#    17.04s replay live=1016/11202985984 B | ledger free vram 5662310400 B (5400.0 MiB) | driver free vram 4494020608 B (4285.8 MiB) | ledger - driver 1168289792 B (1114.2 MiB) | driver vram_used 12601962496 B (12018.2 MiB)
#    17.56s replay live=1132/11446255616 B | ledger free vram 5419040768 B (5168.0 MiB) | driver free vram 4250750976 B (4053.8 MiB) | ledger - driver 1168289792 B (1114.2 MiB) | driver vram_used 12845232128 B (12250.2 MiB)
#    18.07s replay live=975/9221177344 B | ledger free vram 7644119040 B (7290.0 MiB) | driver free vram 5955731456 B (5679.8 MiB) | ledger - driver 1688387584 B (1610.2 MiB) | driver vram_used 11140251648 B (10624.2 MiB)
#    18.57s replay live=1129/11198791680 B | ledger free vram 5666504704 B (5404.0 MiB) | driver free vram 3978117120 B (3793.8 MiB) | ledger - driver 1688387584 B (1610.2 MiB) | driver vram_used 13117865984 B (12510.2 MiB)
#    19.07s replay live=967/8900313088 B | ledger free vram 7925137408 B (7558.0 MiB) | driver free vram 5714558976 B (5449.8 MiB) | ledger - driver 2210578432 B (2108.2 MiB) | driver vram_used 11381424128 B (10854.2 MiB)
#    19.58s replay live=992/9604956160 B | ledger free vram 7220494336 B (6886.0 MiB) | driver free vram 4953288704 B (4723.8 MiB) | ledger - driver 2267205632 B (2162.2 MiB) | driver vram_used 12142694400 B (11580.2 MiB)
#    20.08s replay live=1096/9403629568 B | ledger free vram 7461666816 B (7116.0 MiB) | driver free vram 5188169728 B (4947.8 MiB) | ledger - driver 2273497088 B (2168.2 MiB) | driver vram_used 11907813376 B (11356.2 MiB)
#    20.59s replay live=1063/11370758144 B | ledger free vram 5494538240 B (5240.0 MiB) | driver free vram 2833063936 B (2701.8 MiB) | ledger - driver 2661474304 B (2538.2 MiB) | driver vram_used 14262919168 B (13602.2 MiB)
#    21.34s replay live=1253/11750342656 B | ledger free vram 5093982208 B (4858.0 MiB) | driver free vram 2432503808 B (2319.8 MiB) | ledger - driver 2661478400 B (2538.2 MiB) | driver vram_used 14663479296 B (13984.2 MiB)
#    21.85s replay live=1098/11347689472 B | ledger free vram 5517606912 B (5262.0 MiB) | driver free vram 2851934208 B (2719.8 MiB) | ledger - driver 2665672704 B (2542.2 MiB) | driver vram_used 14244048896 B (13584.2 MiB)
#    22.47s replay live=1255/11658067968 B | ledger free vram 5186256896 B (4946.0 MiB) | driver free vram 2520584192 B (2403.8 MiB) | ledger - driver 2665672704 B (2542.2 MiB) | driver vram_used 14575398912 B (13900.2 MiB)
#    22.97s replay live=1106/11150557184 B | ledger free vram 5714739200 B (5450.0 MiB) | driver free vram 3053260800 B (2911.8 MiB) | ledger - driver 2661478400 B (2538.2 MiB) | driver vram_used 14042722304 B (13392.2 MiB)
#    23.52s replay live=1254/11442061312 B | ledger free vram 5402263552 B (5152.0 MiB) | driver free vram 2740785152 B (2613.8 MiB) | ledger - driver 2661478400 B (2538.2 MiB) | driver vram_used 14355197952 B (13690.2 MiB)
#    24.02s replay live=1098/11347689472 B | ledger free vram 5517606912 B (5262.0 MiB) | driver free vram 2851934208 B (2719.8 MiB) | ledger - driver 2665672704 B (2542.2 MiB) | driver vram_used 14244048896 B (13584.2 MiB)
#    24.11s held   live=1114/11381243904 B | ledger free vram 5484052480 B (5230.0 MiB) | driver free vram 2818379776 B (2687.8 MiB) | ledger - driver 2665672704 B (2542.2 MiB) | driver vram_used 14277603328 B (13616.2 MiB)
# holding 1114 live allocations (11381243904 B); Ctrl+C to end
# interrupted by signal 2: exiting, the 1114 allocations go back with the process
