## columns: time vram_used()  gtt_used() 
1789814199.508418609 59965440 30244864
1789814199.764787077 59965440 30244864
1789814200.020164994 59965440 30244864
1789814200.274419686 59965440 30244864
1789814200.528665017 59965440 30244864
1789814200.782711393 59965440 30244864
1789814201.037308989 59965440 30244864
1789814201.292436352 59965440 30244864
1789814201.547312951 59965440 30244864
1789814201.802076739 60022784 34480128
1789814202.057002349 60022784 34480128
1789814202.312346985 60022784 34480128
1789814202.569237628 60022784 34480128
1789814202.823831346 60022784 34480128
1789814203.077978908 60022784 34480128
1789814203.333490603 60022784 34480128
1789814203.588301981 60022784 34480128
1789814203.842623312 60022784 34480128
1789814204.096086144 60022784 34480128
1789814204.349282096 60022784 34480128
1789814204.602857072 358785024 36605952
1789814204.856248841 447074304 36605952
1789814205.110510070 447074304 36605952
1789814205.364606146 447074304 36605952
1789814205.618537075 447074304 36605952
1789814205.872535174 447074304 36605952
1789814206.126519277 447074304 36605952
1789814206.380359910 447074304 36605952
1789814206.634776153 447074304 36605952
1789814206.888969249 447074304 36605952
1789814207.142934973 447074304 36605952
1789814207.396889228 447074304 36605952
1789814207.650809355 447074304 36605952
1789814207.904723030 447074304 36605952
1789814208.158989451 447074304 36605952
1789814208.412865199 447074304 36605952
1789814208.666723401 447074304 36605952
1789814208.920201306 447250432 36605952
1789814209.174242364 294191104 36605952
1789814209.428988997 621936640 36605952
1789814209.682770148 998027264 36605952
1789814209.936158789 1384558592 36605952
1789814210.190299544 1735495680 36605952
1789814210.443972963 2103181312 36605952
1789814210.697898612 2475061248 36605952
1789814210.951650432 2853224448 36605952
1789814211.205877691 3239792640 36605952
1789814211.459801306 3590713344 36605952
1789814211.713328020 3966775296 36605952
1789814211.967152886 4332347392 36605952
1789814212.221359711 4708454400 36605952
1789814212.474925461 5006905344 36605952
1789814212.728851692 5364056064 36605952
1789814212.983106973 5729636352 36605952
1789814213.237467922 5958684672 36605952
1789814213.492196107 6176882688 36605952
1789814213.747023151 6304706560 36605952
1789814214.001327772 6575300608 36605952
1789814214.255783104 7011426304 36605952
1789814214.509739604 7476916224 36605952
1789814214.764050504 7768350720 36605952
1789814215.021866081 7768350720 36605952
1789814215.279521067 7768350720 36605952
1789814215.534338209 7768350720 36605952
1789814215.789298563 7768350720 36605952
1789814216.044125622 7768350720 36605952
1789814216.299207550 7768350720 36605952
1789814216.552823660 7768358912 40841216
1789814216.805851050 7895879680 40841216
1789814217.059673642 7953920000 40841216
1789814217.314061398 8190099456 40841216
1789814217.568526291 8190099456 40841216
1789814217.823062315 8190099456 40841216
1789814218.077935209 8330977280 40841216
1789814218.332330925 8864296960 40841216
1789814218.587074976 10057486336 40841216
1789814218.841599717 10310856704 40841216
1789814219.096063924 9706934272 40841216
1789814219.350724299 9734193152 40841216
1789814219.605665971 9292935168 40841216
1789814219.860220412 9861996544 40841216
1789814220.114432341 9842143232 40841216
1789814220.369124423 11041763328 40841216
1789814220.623458273 11104710656 40841216
1789814220.877628599 11217956864 40841216
1789814221.131766811 10530091008 40841216
1789814221.385865615 10446213120 40841216
1789814221.640635173 12893597696 40841216
1789814221.895231703 13055078400 40841216
1789814222.149658378 13392723968 40841216
1789814222.404488926 13392723968 40841216
1789814222.659392508 12363026432 40841216
1789814222.913954817 13327716352 40841216
1789814223.168694848 13673750528 40841216
1789814223.423079535 13673750528 40841216
1789814223.677484913 12073623552 40841216
1789814223.932282201 13216571392 40841216
1789814224.187106146 12528705536 40841216
1789814224.441614727 12574842880 40841216
1789814224.696453119 12457402368 40841216
1789814224.951515049 14453837824 40841216
1789814225.206422906 14602682368 40841216
1789814225.461586513 14955008000 40841216
1789814225.716085516 14955008000 40841216
1789814225.970554298 12601978880 40841216
1789814226.224988876 14487306240 40841216
1789814226.479419490 14585872384 40841216
1789814226.733829471 14866890752 40841216
1789814226.988460190 12117524480 40841216
1789814227.243314590 14170636288 40841216
1789814227.498180332 14338408448 40841216
1789814227.753023570 14646689792 40841216
1789814228.007828640 14646689792 40841216
1789814228.262418747 14388740096 40841216
1789814228.517225784 14529249280 40841216
1789814228.771955421 14868987904 40841216
1789814229.026387958 14868987904 40841216
1789814229.280982669 12406931456 40841216
1789814229.535538610 13698777088 40841216
1789814229.789822405 13040320512 40841216
1789814230.044324604 13197606912 40841216
1789814230.299164640 12629278720 40841216
1789814230.553751588 12480380928 40841216
1789814230.808367200 14460092416 40841216
1789814231.063111072 14573338624 40841216
1789814231.317410694 14862745600 40841216
1789814231.572046292 14832037888 40841216
1789814231.826458651 14832037888 40841216
1789814232.080845864 14832037888 40841216
1789814232.334748913 14832037888 40841216
1789814232.588790557 14832037888 40841216
1789814232.842937496 14832037888 40841216
1789814233.096959506 14832037888 40841216
1789814233.350812698 14832037888 40841216
1789814233.604656997 14832037888 40841216
1789814233.858650048 14832037888 40841216
1789814234.112533641 14832037888 40841216
1789814234.366327714 14832037888 40841216
1789814234.620182785 14832037888 40841216
1789814234.874129049 14832037888 40841216
1789814235.127827242 14832037888 40841216
1789814235.381895972 14832037888 40841216
1789814235.635719801 14832037888 40841216
1789814235.889549681 14832037888 40841216
1789814236.143585389 14832037888 40841216
1789814236.397451528 14832037888 40841216
1789814236.651281238 14832037888 40841216
1789814236.905353041 14832037888 40841216
1789814237.159298262 14832037888 40841216
1789814237.413134315 14832037888 40841216
1789814237.666962240 14832037888 40841216
1789814237.920865782 14832037888 40841216
1789814238.174662935 14832037888 40841216
1789814238.428704471 14832037888 40841216
1789814238.682884552 14832037888 40841216
1789814238.937114383 14832037888 40841216
1789814239.191136218 14832037888 40841216
1789814239.445112055 14832037888 40841216
1789814239.698881862 14832037888 40841216
1789814239.952806925 14832037888 40841216
1789814240.206551006 14832037888 40841216
1789814240.460622956 14832037888 40841216
1789814240.714553802 14832037888 40841216
1789814240.968226766 14832037888 40841216
1789814241.221971761 14832037888 40841216
1789814241.475871153 14832037888 40841216
1789814241.729863826 14832037888 40841216
1789814241.983604176 14832037888 40841216
1789814242.237588001 14832037888 40841216
1789814242.491604280 14832037888 40841216
1789814242.745523538 14832037888 40841216
1789814242.999541463 14832037888 40841216
1789814243.253342016 14832037888 40841216
1789814243.507195611 14832037888 40841216
1789814243.761076834 14832037888 40841216
1789814244.015190611 14832037888 40841216
1789814244.268974837 14832037888 40841216
1789814244.523026537 14832037888 40841216
1789814244.777100226 14832037888 40841216
1789814245.030929085 14832037888 40841216
1789814245.284785491 14832037888 40841216
1789814245.538612534 14832037888 40841216
1789814245.792511555 14832037888 40841216
1789814246.046559752 14832037888 40841216
1789814246.300265569 14832037888 40841216
1789814246.554086100 14832037888 40841216
1789814246.807953322 14832037888 40841216
1789814247.061820253 14832037888 40841216
1789814247.315639248 14832037888 40841216
1789814247.569552897 14832037888 40841216
1789814247.823526775 14832037888 40841216
1789814248.077274631 14832037888 40841216
1789814248.330960951 14832037888 40841216
1789814248.584809774 14832037888 40841216
1789814248.838901803 14832037888 40841216
1789814249.092882642 14832037888 40841216
1789814249.346721451 14832037888 40841216
1789814249.600884392 14832037888 40841216
1789814249.854814419 14832037888 40841216
1789814250.108632704 14832037888 40841216
1789814250.362395439 14832037888 40841216
1789814250.616215826 14832037888 40841216
1789814250.870020114 14832037888 40841216
1789814251.123891797 14832037888 40841216
1789814251.377744480 14832037888 40841216
1789814251.631520406 14832037888 40841216
1789814251.885620552 14832037888 40841216
1789814252.139670737 14832037888 40841216
1789814252.393540823 14832037888 40841216
1789814252.647594386 14832037888 40841216
1789814252.901426842 14832037888 40841216
1789814253.155293666 14832037888 40841216
1789814253.409215595 14832037888 40841216
1789814253.663189791 14832037888 40841216
1789814253.917280565 14832037888 40841216
1789814254.171161005 14832037888 40841216
1789814254.424970057 14832037888 40841216
1789814254.678977885 14832037888 40841216
1789814254.932911212 14832037888 40841216
1789814255.186860479 14832037888 40841216
1789814255.440766237 14832037888 40841216
1789814255.694561977 14832037888 40841216
1789814255.948335037 14832037888 40841216
1789814256.202129887 14832037888 40841216
1789814256.455976721 14832037888 40841216
1789814256.709904463 14832037888 40841216
1789814256.964002066 14832037888 40841216
1789814257.217901531 14832037888 40841216
1789814257.471725855 14832037888 40841216
1789814257.725657015 14832037888 40841216
1789814257.979572601 14832037888 40841216
1789814258.233463739 14832037888 40841216
1789814258.487235684 14832037888 40841216
1789814258.741148502 14832037888 40841216
1789814258.995175225 14832037888 40841216
1789814259.249136032 14832037888 40841216
1789814259.503013150 14832037888 40841216
1789814259.756916666 14832037888 40841216
1789814260.010604865 14832037888 40841216
1789814260.264357744 14832037888 40841216
1789814260.518212028 14832037888 40841216
1789814260.772580795 14832037888 40841216
1789814261.026636931 14832037888 40841216
1789814261.280412653 14832037888 40841216
1789814261.534246639 14832037888 40841216
1789814261.788238095 14832037888 40841216
1789814262.042329316 14832037888 40841216
1789814262.296303090 14832037888 40841216
1789814262.550173921 14832037888 40841216
1789814262.804430284 14832037888 40841216
1789814263.058329828 14832037888 40841216
1789814263.312214898 14832037888 40841216
1789814263.566155429 14832037888 40841216
1789814263.819892107 14832037888 40841216
1789814264.073879960 14832037888 40841216
1789814264.328048793 14832037888 40841216
1789814264.582036376 14832037888 40841216
1789814264.835970069 14832037888 40841216
1789814265.089905294 14832037888 40841216
1789814265.343689907 14832037888 40841216
1789814265.597693459 14832037888 40841216
1789814265.851497713 14832037888 40841216
1789814266.105340553 14832037888 40841216
1789814266.359197858 14832037888 40841216
1789814266.613086714 14832037888 40841216
1789814266.867291918 14832037888 40841216
1789814267.121466466 14832037888 40841216
1789814267.375311951 14832037888 40841216
1789814267.629173979 14832037888 40841216
1789814267.882956746 14832037888 40841216
1789814268.137164912 14832037888 40841216
1789814268.391039597 14832037888 40841216
1789814268.644946092 14832037888 40841216
1789814268.898928695 14832037888 40841216
1789814269.153058252 14832037888 40841216
1789814269.406969632 14832037888 40841216
1789814269.660872914 14832037888 40841216
1789814269.914623112 14832037888 40841216
1789814270.168399951 14832037888 40841216
1789814270.422201534 14832037888 40841216
1789814270.676168108 14832037888 40841216
1789814270.929972012 14832037888 40841216
1789814271.183965329 14832037888 40841216
1789814271.437865931 14832037888 40841216
1789814271.691826458 14832037888 40841216
1789814271.946363562 14832037888 40841216
1789814272.200586982 14832037888 40841216
1789814272.454547881 14832037888 40841216
1789814272.708470556 14832037888 40841216
1789814272.962274859 14832037888 40841216
1789814273.216200657 14832037888 40841216
1789814273.470043831 14832037888 40841216
1789814273.724141671 14832037888 40841216
1789814273.978138438 14832037888 40841216
1789814274.232056884 14832037888 40841216
1789814274.485967446 14832037888 40841216
1789814274.739987878 14832037888 40841216
1789814274.993818871 14832037888 40841216
1789814275.247652844 14832037888 40841216
1789814275.501507700 14832037888 40841216
1789814275.755594407 14832037888 40841216
1789814276.009639987 14832037888 40841216
1789814276.263435799 14832037888 40841216
1789814276.517263105 14832037888 40841216
1789814276.771112296 14832037888 40841216
1789814277.025064285 14832037888 40841216
1789814277.278966345 14832037888 40841216
1789814277.532878030 14832037888 40841216
1789814277.786673680 14832037888 40841216
1789814278.040493696 14832037888 40841216
1789814278.294347412 14832037888 40841216
1789814278.548218706 14832037888 40841216
1789814278.802497617 14832037888 40841216
1789814279.056167799 14832037888 40841216
1789814279.310311110 14832037888 40841216
1789814279.564122611 14832037888 40841216
1789814279.818348835 14832037888 40841216
1789814280.072119588 14832037888 40841216
1789814280.325970872 14832037888 40841216
1789814280.579828342 14832037888 40841216
1789814280.833736994 14832037888 40841216
1789814281.087697396 14832037888 40841216
1789814281.341627731 14832037888 40841216
1789814281.595757496 14832037888 40841216
1789814281.849763066 14832037888 40841216
1789814282.103546791 14832037888 40841216
1789814282.357680688 14832037888 40841216
1789814282.611727607 14832037888 40841216
1789814282.865660211 14832037888 40841216
1789814283.119845460 14832037888 40841216
1789814283.373563321 14832037888 40841216
1789814283.627440150 14832037888 40841216
1789814283.881247937 14832037888 40841216
1789814284.135310235 14832037888 40841216
1789814284.389144539 14832037888 40841216
1789814284.643350995 14832037888 40841216
1789814284.897175714 14832037888 40841216
1789814285.150932306 14832037888 40841216
1789814285.404873581 14832037888 40841216
1789814285.658696596 14832037888 40841216
1789814285.912593741 14832037888 40841216
1789814286.166524928 14832037888 40841216
1789814286.420546596 14832037888 40841216
1789814286.674572821 14832037888 40841216
1789814286.928603694 14832037888 40841216
1789814287.182550455 14832037888 40841216
1789814287.436334985 14832037888 40841216
1789814287.690412645 14832037888 40841216
1789814287.944248910 14832037888 40841216
1789814288.198053932 14832037888 40841216
1789814288.451920514 14832037888 40841216
1789814288.705826984 14832037888 40841216
1789814288.959620329 14832037888 40841216
1789814289.213429183 14832037888 40841216
1789814289.467290013 14832037888 40841216
1789814289.721062563 14832037888 40841216
1789814289.974951651 14832037888 40841216
1789814290.229105971 14832037888 40841216
1789814290.483089998 14832037888 40841216
1789814290.737021570 14832037888 40841216
1789814290.990859180 14832037888 40841216
1789814291.244522736 14832037888 40841216
1789814291.498705065 14832037888 40841216
1789814291.752576763 14832037888 40841216
1789814292.006270918 14832037888 40841216
1789814292.260070042 14832037888 40841216
1789814292.514208561 14832037888 40841216
1789814292.768264912 14832037888 40841216
1789814293.022269061 14832037888 40841216
1789814293.276182474 14832037888 40841216
1789814293.529993458 14832037888 40841216
1789814293.784012196 14832037888 40841216
1789814294.038586507 14832037888 40841216
1789814294.292542089 14832037888 40841216
1789814294.546383183 14832037888 40841216
1789814294.800154199 14832037888 40841216
1789814295.053984518 14832037888 40841216
1789814295.307917579 14832037888 40841216
1789814295.562043428 14832037888 40841216
1789814295.815926757 14832037888 40841216
1789814296.069682276 14832037888 40841216
1789814296.323497643 14832037888 40841216
1789814296.577283868 14832037888 40841216
1789814296.831103571 14832037888 40841216
1789814297.084830330 14832037888 40841216
1789814297.338751050 14832037888 40841216
1789814297.592842994 14832037888 40841216
1789814297.846640458 14832037888 40841216
1789814298.100844583 14832037888 40841216
1789814298.354858318 14832037888 40841216
1789814298.608870112 14832037888 40841216
1789814298.862753751 14832037888 40841216
1789814299.116671930 14832037888 40841216
1789814299.370319024 14832037888 40841216
1789814299.624518798 14832037888 40841216
1789814299.878378909 14832037888 40841216
1789814300.132194694 14832037888 40841216
1789814300.386041974 14832037888 40841216
1789814300.639935065 14832037888 40841216
1789814300.893813064 14832037888 40841216
1789814301.147594269 14832037888 40841216
1789814301.401909120 14832037888 40841216
1789814301.655901467 14832037888 40841216
1789814301.909759225 14832037888 40841216
1789814302.163982158 14832037888 40841216
1789814302.417912420 14832037888 40841216
1789814302.672077393 14832037888 40841216
1789814302.926196803 14832037888 40841216
1789814303.180288078 14832037888 40841216
1789814303.434378322 14832037888 40841216
1789814303.688228447 14832037888 40841216
1789814303.941981131 14832037888 40841216
1789814304.195975583 14832037888 40841216
1789814304.449844789 14832037888 40841216
1789814304.703745041 14832037888 40841216
1789814304.957767358 14832037888 40841216
1789814305.211947423 14832037888 40841216
1789814305.465830400 14832037888 40841216
1789814305.719712181 14832037888 40841216
1789814305.973858804 14832037888 40841216
1789814306.227707668 14832037888 40841216
1789814306.481478263 14832037888 40841216
1789814306.735548676 14832037888 40841216
1789814306.989600593 14832037888 40841216
1789814307.243576337 14832037888 40841216
1789814307.497381848 14832037888 40841216
1789814307.751183134 14832037888 40841216
1789814308.004956362 14832037888 40841216
1789814308.258785296 14832037888 40841216
1789814308.512558090 14832037888 40841216
1789814308.766412920 14832037888 40841216
1789814309.020198846 14832037888 40841216
1789814309.274348953 14832037888 40841216
1789814309.528357168 14832037888 40841216
1789814309.782547273 14832037888 40841216
1789814310.036602736 14832037888 40841216
1789814310.290609332 14832037888 40841216
1789814310.544469033 14832037888 40841216
1789814310.798596292 14832037888 40841216
1789814311.052986753 14832037888 40841216
1789814311.306892151 14832037888 40841216
1789814311.560631305 14832037888 40841216
1789814311.814536723 14832037888 40841216
1789814312.068309010 14832037888 40841216
1789814312.322134514 14832037888 40841216
1789814312.575942353 14832037888 40841216
1789814312.829857969 14832037888 40841216
1789814313.084059349 14832037888 40841216
1789814313.338044974 14832037888 40841216
1789814313.592037099 14832037888 40841216
1789814313.846037147 14832037888 40841216
1789814314.100082482 14832037888 40841216
1789814314.353941361 14832037888 40841216
1789814314.608319896 14832037888 40841216
1789814314.862415480 14832037888 40841216
1789814315.116270497 14832037888 40841216
1789814315.370148039 14832037888 40841216
1789814315.624120507 14832037888 40841216
1789814315.878051640 14832037888 40841216
1789814316.131981991 14832037888 40841216
1789814316.385895298 14832037888 40841216
1789814316.639864820 14832037888 40841216
1789814316.893777467 14832037888 40841216
1789814317.147681959 14832037888 40841216
1789814317.401496420 14832037888 40841216
1789814317.655334409 14832037888 40841216
1789814317.909110579 14832037888 40841216
1789814318.163066595 14832037888 40841216
1789814318.416984939 14832037888 40841216
1789814318.671327402 14832037888 40841216
1789814318.925104518 14832037888 40841216
1789814319.178937351 14832037888 40841216
1789814319.432776812 14832037888 40841216
1789814319.686583197 14832037888 40841216
1789814319.940495291 14832037888 40841216
1789814320.194708308 14832037888 40841216
1789814320.448557569 14832037888 40841216
1789814320.702376180 14832037888 40841216
1789814320.956257263 14832037888 40841216
1789814321.210123055 14832037888 40841216
1789814321.464080636 14832037888 40841216
1789814321.717900588 14832037888 40841216
1789814321.972263606 14832037888 40841216
1789814322.225956420 14832037888 40841216
1789814322.479844641 14832037888 40841216
1789814322.733652835 14832037888 40841216
1789814322.987562628 14832037888 40841216
1789814323.241363837 14832037888 40841216
1789814323.495312338 14832037888 40841216
1789814323.749210383 14832037888 40841216
1789814324.003166943 14832037888 40841216
1789814324.257259775 14832037888 40841216
1789814324.511134841 14832037888 40841216
1789814324.764960080 14832037888 40841216
1789814325.018834108 14832037888 40841216
1789814325.272615648 14832037888 40841216
1789814325.526346257 14832037888 40841216
1789814325.780117563 14832037888 40841216
1789814326.034128074 14832037888 40841216
1789814326.287957716 14832037888 40841216
1789814326.541797113 14832037888 40841216
1789814326.795578891 14832037888 40841216
1789814327.049401564 14832037888 40841216
1789814327.303226680 14832037888 40841216
1789814327.557157090 14832037888 40841216
1789814327.811118720 14832037888 40841216
1789814328.065244588 14832037888 40841216
1789814328.319279321 14832037888 40841216
1789814328.573246377 14832037888 40841216
1789814328.827192214 14832037888 40841216
1789814329.081118029 14832037888 40841216
1789814329.334960783 14832037888 40841216
1789814329.589064345 14832037888 40841216
1789814329.842970539 14832037888 40841216
1789814330.096817626 14832037888 40841216
1789814330.350613268 14832037888 40841216
1789814330.604367788 14832037888 40841216
1789814330.858281436 14832037888 40841216
1789814331.112262099 14832037888 40841216
1789814331.366406464 14832037888 40841216
1789814331.620228152 14832037888 40841216
1789814331.874081682 14832037888 40841216
1789814332.128045792 14832037888 40841216
1789814332.382184020 14832037888 40841216
1789814332.636098530 14832037888 40841216
1789814332.890379033 14832037888 40841216
1789814333.144992295 14832037888 40841216
1789814333.399104353 14832037888 40841216
1789814333.653269069 14832037888 40841216
1789814333.907258481 14832037888 40841216
1789814334.161277936 14832037888 40841216
1789814334.415201470 14832037888 40841216
1789814334.669214838 14832037888 40841216
1789814334.922985555 14832037888 40841216
1789814335.176817602 14832037888 40841216
1789814335.430757440 14832037888 40841216
1789814335.684898667 14832037888 40841216
1789814335.938770769 14832037888 40841216
1789814336.192688910 14832037888 40841216
1789814336.446572968 14832037888 40841216
1789814336.700637681 14832037888 40841216
1789814336.954822443 14832037888 40841216
1789814337.208855860 14832037888 40841216
1789814337.462885991 14832037888 40841216
1789814337.716854941 14832037888 40841216
1789814337.970828778 14832037888 40841216
1789814338.224861579 14832037888 40841216
1789814338.478934706 14832037888 40841216
1789814338.732976873 14832037888 40841216
1789814338.987123069 14832037888 40841216
1789814339.241420885 14832037888 40841216
1789814339.495340108 14832037888 40841216
1789814339.749432189 14832037888 40841216
1789814340.003545799 14832037888 40841216
1789814340.257470266 14832037888 40841216
1789814340.511229422 14832037888 40841216
1789814340.765160437 14832037888 40841216
1789814341.019134933 14832037888 40841216
1789814341.273167915 14832037888 40841216
1789814341.527430794 14832037888 40841216
1789814341.781425521 14832037888 40841216
1789814342.035340116 14832037888 40841216
1789814342.289198221 14832037888 40841216
1789814342.543203842 14832037888 40841216
1789814342.797052525 14832037888 40841216
1789814343.051072327 14832037888 40841216
1789814343.305450606 14832037888 40841216
1789814343.560009237 14832037888 40841216
1789814343.814357702 14832037888 40841216
1789814344.068484803 14832037888 40841216
1789814344.322318210 14832037888 40841216
1789814344.576351521 14832037888 40841216
1789814344.830329558 14832037888 40841216
1789814345.084328396 14832037888 40841216
1789814345.338299437 14832037888 40841216
1789814345.592115407 14832037888 40841216
1789814345.846118472 14832037888 40841216
1789814346.099959711 14832037888 40841216
1789814346.353884139 14832037888 40841216
1789814346.607789700 14832037888 40841216
1789814346.861586477 14832037888 40841216
1789814347.115910263 14832037888 40841216
1789814347.369807483 14832037888 40841216
1789814347.623654555 14832037888 40841216
1789814347.877494261 14832037888 40841216
1789814348.131332404 14832037888 40841216
1789814348.385132842 14832037888 40841216
1789814348.638960121 14832037888 40841216
1789814348.893026799 14832037888 40841216
1789814349.146828652 14832037888 40841216
1789814349.400710443 14832037888 40841216
1789814349.654790424 14832037888 40841216
1789814349.908550731 14832037888 40841216
1789814350.162445370 14832037888 40841216
1789814350.416348865 14832037888 40841216
1789814350.670619995 14832037888 40841216
1789814350.924526773 14832037888 40841216
1789814351.178360638 14832037888 40841216
1789814351.432194263 14832037888 40841216
1789814351.685956850 14832037888 40841216
1789814351.939879116 14832037888 40841216
1789814352.193875680 14832037888 40841216
1789814352.447679055 14832037888 40841216
1789814352.701535334 14832037888 40841216
1789814352.955335798 14832037888 40841216
1789814353.209124078 14832037888 40841216
1789814353.462968168 14832037888 40841216
1789814353.716983424 14832037888 40841216
1789814353.971073614 14832037888 40841216
1789814354.225128534 14832037888 40841216
1789814354.479327840 14832037888 40841216
1789814354.733575329 14832037888 40841216
1789814354.987543431 14832037888 40841216
1789814355.241364105 14832037888 40841216
1789814355.495175916 14832037888 40841216
1789814355.749117136 14832037888 40841216
1789814356.002998614 14832037888 40841216
1789814356.256862329 14832037888 40841216
1789814356.510630799 14832037888 40841216
1789814356.764494797 14832037888 40841216
1789814357.018335462 14832037888 40841216
1789814357.272063185 14832037888 40841216
1789814357.525927016 14832037888 40841216
1789814357.779913467 14832037888 40841216
1789814358.033771275 14832037888 40841216
1789814358.287587191 14832037888 40841216
1789814358.541338818 14832037888 40841216
1789814358.795209757 14832037888 40841216
1789814359.049201336 14832037888 40841216
1789814359.303003067 14832037888 40841216
1789814359.556840373 14832037888 40841216
1789814359.811146470 14832037888 40841216
1789814360.065172235 14832037888 40841216
1789814360.319207527 14832037888 40841216
1789814360.573136698 14832037888 40841216
1789814360.826968946 14832037888 40841216
1789814361.080840297 14832037888 40841216
1789814361.334568662 14832037888 40841216
1789814361.588551686 14832037888 40841216
1789814361.842349852 14832037888 40841216
1789814362.096196520 14832037888 40841216
1789814362.349945632 14832037888 40841216
1789814362.603824947 14832037888 40841216
1789814362.857634033 14832037888 40841216
1789814363.111425430 14832037888 40841216
1789814363.365299746 14832037888 40841216
1789814363.619526014 14832037888 40841216
1789814363.873509402 14832037888 40841216
1789814364.127454488 14832037888 40841216
1789814364.381567899 14832037888 40841216
1789814364.635492318 14832037888 40841216
1789814364.889581672 14832037888 40841216
1789814365.143842155 14832037888 40841216
1789814365.397805997 14832037888 40841216
1789814365.651872390 14832037888 40841216
1789814365.905916986 14832037888 40841216
1789814366.159800222 14832037888 40841216
1789814366.413756473 14832037888 40841216
1789814366.667943090 14832037888 40841216
1789814366.921839087 14832037888 40841216
1789814367.175650935 14832037888 40841216
1789814367.429939637 14832037888 40841216
1789814367.683868715 14832037888 40841216
1789814367.937600537 14832037888 40841216
1789814368.191434061 14832037888 40841216
1789814368.445227554 14832037888 40841216
1789814368.698984492 14832037888 40841216
1789814368.952868724 14832037888 40841216
1789814369.206878620 14832037888 40841216
1789814369.460822359 14832037888 40841216
1789814369.714911658 14832037888 40841216
1789814369.968820534 14832037888 40841216
1789814370.222638533 14832037888 40841216
1789814370.476394876 14832037888 40841216
1789814370.730238539 14832037888 40841216
1789814370.984253454 14832037888 40841216
1789814371.238341820 14832037888 40841216
1789814371.492248921 14832037888 40841216
1789814371.746024740 14832037888 40841216
1789814371.999860756 14832037888 40841216
1789814372.253677614 14832037888 40841216
1789814372.507423341 14832037888 40841216
1789814372.761253472 14832037888 40841216
1789814373.015124987 14832037888 40841216
1789814373.269078623 14832037888 40841216
1789814373.523268754 14832037888 40841216
1789814373.777121749 14832037888 40841216
1789814374.030968629 14832037888 40841216
1789814374.284901072 14832037888 40841216
1789814374.539083140 14832037888 40841216
1789814374.792971958 14832037888 40841216
1789814375.046752141 14832037888 40841216
1789814375.300667516 14832037888 40841216
1789814375.554537143 14832037888 40841216
1789814375.808367078 14832037888 40841216
1789814376.062314534 14832037888 40841216
1789814376.316226733 14832037888 40841216
1789814376.570068556 14832037888 40841216
1789814376.823975571 14832037888 40841216
1789814377.078295481 14832037888 40841216
1789814377.332079704 14832037888 40841216
1789814377.586104000 14832037888 40841216
1789814377.840111607 14832037888 40841216
1789814378.094285466 14832037888 40841216
1789814378.348382756 14832037888 40841216
1789814378.602439855 14832037888 40841216
1789814378.856224076 14832037888 40841216
1789814379.110142668 14832037888 40841216
1789814379.363972268 14832037888 40841216
1789814379.617946890 14832037888 40841216
1789814379.871859357 14832037888 40841216
1789814380.125823955 14832037888 40841216
1789814380.379655181 14832037888 40841216
1789814380.633672739 14832037888 40841216
1789814380.887593315 14832037888 40841216
1789814381.141379603 14832037888 40841216
1789814381.395480206 14832037888 40841216
1789814381.649346244 14832037888 40841216
1789814381.903248422 14832037888 40841216
1789814382.157065304 14832037888 40841216
1789814382.411127537 14832037888 40841216
1789814382.664969297 14832037888 40841216
1789814382.918957823 14832037888 40841216
1789814383.172824104 14832037888 40841216
1789814383.426762841 14832037888 40841216
1789814383.680561315 14832037888 40841216
1789814383.934437897 14832037888 40841216
1789814384.188255299 14832037888 40841216
1789814384.442001315 14832037888 40841216
1789814384.695988883 14832037888 40841216
1789814384.949845638 14832037888 40841216
1789814385.203777718 14832037888 40841216
1789814385.457886101 14832037888 40841216
1789814385.712162428 14832037888 40841216
1789814385.966128039 14832037888 40841216
1789814386.219955901 14832037888 40841216
1789814386.473907548 14832037888 40841216
1789814386.727924781 14832037888 40841216
1789814386.981883316 14832037888 40841216
1789814387.235656999 14832037888 40841216
1789814387.489421362 14832037888 40841216
1789814387.743322829 14832037888 40841216
1789814387.997514321 14832037888 40841216
1789814388.251375256 14832037888 40841216
1789814388.505650594 14832037888 40841216
1789814388.759458194 14832037888 40841216
1789814389.013324111 14832037888 40841216
1789814389.267407218 14832037888 40841216
1789814389.521248575 14832037888 40841216
1789814389.775126336 14832037888 40841216
1789814390.028950405 14832037888 40841216
1789814390.282916223 14832037888 40841216
1789814390.536829255 14832037888 40841216
1789814390.790572121 14832037888 40841216
1789814391.044435214 14832037888 40841216
1789814391.298231582 14832037888 40841216
1789814391.551979889 14832037888 40841216
1789814391.805970866 14832037888 40841216
1789814392.060026953 14832037888 40841216
1789814392.313822041 14832037888 40841216
1789814392.567566251 14832037888 40841216
1789814392.821727164 14832037888 40841216
1789814393.075718564 14832037888 40841216
1789814393.329395242 14832037888 40841216
1789814393.583247644 14832037888 40841216
1789814393.836888410 14832037888 40841216
1789814394.090667410 14832037888 40841216
1789814394.344516696 14832037888 40841216
1789814394.598336448 14832037888 40841216
1789814394.852084362 14832037888 40841216
1789814395.106201460 14832037888 40841216
1789814395.360360035 14832037888 40841216
1789814395.614320404 14832037888 40841216
1789814395.868347199 14832037888 40841216
1789814396.122350212 14832037888 40841216
1789814396.376235503 14832037888 40841216
1789814396.630431534 14832037888 40841216
1789814396.884500102 14832037888 40841216
1789814397.138484997 14832037888 40841216
1789814397.392283123 14832037888 40841216
1789814397.646108529 14832037888 40841216
1789814397.900052691 14832037888 40841216
1789814398.153885762 14832037888 40841216
1789814398.407674414 14832037888 40841216
1789814398.661619664 14832037888 40841216
1789814398.915295229 14832037888 40841216
1789814399.169040362 14832037888 40841216
1789814399.422945624 14832037888 40841216
1789814399.677030510 14832037888 40841216
1789814399.931179879 14832037888 40841216
1789814400.185059961 14832037888 40841216
1789814400.438961145 14832037888 40841216
1789814400.692684761 14832037888 40841216
1789814400.946511288 14832037888 40841216
1789814401.200307877 14832037888 40841216
1789814401.454333350 14832037888 40841216
1789814401.708084619 14832037888 40841216
1789814401.962162574 14832037888 40841216
1789814402.216095521 14832037888 40841216
1789814402.470108638 14832037888 40841216
1789814402.724032030 14832037888 40841216
1789814402.978072211 14832037888 40841216
1789814403.231974333 14832037888 40841216
1789814403.485833273 14832037888 40841216
1789814403.739960457 14832037888 40841216
1789814403.994351744 14832037888 40841216
1789814404.248232874 14832037888 40841216
1789814404.501974517 14832037888 40841216
1789814404.756005658 14832037888 40841216
1789814405.010029412 14832037888 40841216
1789814405.264160297 14832037888 40841216
1789814405.518117389 14832037888 40841216
1789814405.772081074 14832037888 40841216
1789814406.026012780 14832037888 40841216
1789814406.280315253 14832037888 40841216
1789814406.534135111 14832037888 40841216
1789814406.788001116 14832037888 40841216
1789814407.041889921 14832037888 40841216
1789814407.295624365 14832037888 40841216
1789814407.549452379 14832037888 40841216
1789814407.803760340 14832037888 40841216
1789814408.057623206 14832037888 40841216
1789814408.311671841 14832037888 40841216
1789814408.565630124 14832037888 40841216
1789814408.819389967 14832037888 40841216
1789814409.073241942 14832037888 40841216
1789814409.327035893 14832037888 40841216
1789814409.580964014 14832037888 40841216
1789814409.834771664 14832037888 40841216
1789814410.088589615 14832037888 40841216
1789814410.342268246 14832037888 40841216
1789814410.596128385 14832037888 40841216
1789814410.850085793 14832037888 40841216
1789814411.103940193 14832037888 40841216
1789814411.358079287 14832037888 40841216
1789814411.612180273 14832037888 40841216
1789814411.866077073 14832037888 40841216
1789814412.120238228 14832037888 40841216
1789814412.374040462 14832037888 40841216
1789814412.628053836 14832037888 40841216
1789814412.881943071 14832037888 40841216
1789814413.135892008 14832037888 40841216
1789814413.389594532 14832037888 40841216
1789814413.643462957 14832037888 40841216
1789814413.897619748 14832037888 40841216
1789814414.151577909 14832037888 40841216
1789814414.405414715 14832037888 40841216
1789814414.659268903 14832037888 40841216
1789814414.913120385 14832037888 40841216
1789814415.167138997 14832037888 40841216
1789814415.421238669 14832037888 40841216
1789814415.675820813 14832037888 40841216
1789814415.929726411 14832037888 40841216
1789814416.183495672 14832037888 40841216
1789814416.437461856 14832037888 40841216
1789814416.691339458 14832037888 40841216
1789814416.945069195 14832037888 40841216
1789814417.198972387 14832037888 40841216
1789814417.452946989 14832037888 40841216
1789814417.707132803 14832037888 40841216
1789814417.960954606 14832037888 40841216
1789814418.214801780 14832037888 40841216
1789814418.468639750 14832037888 40841216
1789814418.722403011 14832037888 40841216
1789814418.976579516 14832037888 40841216
1789814419.230411904 14832037888 40841216
1789814419.484164250 14832037888 40841216
1789814419.737901849 14832037888 40841216
1789814419.991827931 14832037888 40841216
1789814420.245821781 14832037888 40841216
1789814420.499761933 14832037888 40841216
1789814420.753744570 14832037888 40841216
1789814421.007592935 14832037888 40841216
1789814421.261415661 14832037888 40841216
1789814421.515539364 14832037888 40841216
1789814421.769484490 14832037888 40841216
1789814422.023566148 14832037888 40841216
1789814422.277389795 14832037888 40841216
1789814422.531133674 14832037888 40841216
1789814422.784959567 14832037888 40841216
1789814423.038881699 14832037888 40841216
1789814423.292964569 14832037888 40841216
1789814423.546853743 14832037888 40841216
1789814423.800623446 14832037888 40841216
1789814424.054554758 14832037888 40841216
1789814424.308403060 14832037888 40841216
1789814424.562326359 14832037888 40841216
1789814424.816155146 14832037888 40841216
1789814425.069959483 14832037888 40841216
1789814425.323875585 14832037888 40841216
1789814425.577600831 14832037888 40841216
1789814425.831684297 14832037888 40841216
1789814426.085685057 14832037888 40841216
1789814426.339442661 14832037888 40841216
1789814426.593314610 14832037888 40841216
1789814426.847315319 14832037888 40841216
1789814427.101309839 14832037888 40841216
1789814427.355556105 14832037888 40841216
1789814427.609676471 14832037888 40841216
1789814427.863389201 14832037888 40841216
1789814428.117410940 14832037888 40841216
1789814428.371335227 14832037888 40841216
1789814428.625125655 14832037888 40841216
1789814428.879003588 14832037888 40841216
1789814429.132680096 14832037888 40841216
1789814429.386618481 14832037888 40841216
1789814429.640876987 14832037888 40841216
1789814429.894643759 14832037888 40841216
1789814430.148561018 14832037888 40841216
1789814430.402456886 14832037888 40841216
1789814430.656276280 14832037888 40841216
1789814430.909819016 14832037888 40841216
1789814431.163699386 14832037888 40841216
1789814431.417412952 14832037888 40841216
1789814431.671178477 14832037888 40841216
1789814431.925021238 14832037888 40841216
1789814432.178981883 14832037888 40841216
1789814432.433061410 14832037888 40841216
1789814432.686858246 14832037888 40841216
1789814432.940629568 14832037888 40841216
1789814433.194415509 14832037888 40841216
1789814433.448409028 14832037888 40841216
1789814433.702334227 14832037888 40841216
1789814433.956189338 14832037888 40841216
1789814434.209962074 14832037888 40841216
1789814434.463769543 14832037888 40841216
1789814434.717613505 14832037888 40841216
1789814434.971398643 14832037888 40841216
1789814435.225258074 14832037888 40841216
1789814435.479176245 14832037888 40841216
1789814435.733762513 14832037888 40841216
1789814435.987829469 14832037888 40841216
1789814436.242098019 14832037888 40841216
1789814436.495940302 14832037888 40841216
1789814436.749971948 14832037888 40841216
1789814437.003905000 14832037888 40841216
1789814437.258014271 14832037888 40841216
1789814437.511974601 14832037888 40841216
1789814437.765986699 14832037888 40841216
1789814438.019818811 14832037888 40841216
1789814438.273579140 14832037888 40841216
1789814438.527361073 14832037888 40841216
1789814438.781385351 14832037888 40841216
1789814439.035296492 14832037888 40841216
1789814439.289048237 14832037888 40841216
1789814439.543079173 14832037888 40841216
1789814439.796927215 14832037888 40841216
1789814440.051027623 14832037888 40841216
1789814440.304942860 14832037888 40841216
1789814440.558758333 14832037888 40841216
1789814440.812896248 14832037888 40841216
1789814441.066725592 14832037888 40841216
1789814441.320693256 14832037888 40841216
1789814441.574566346 14832037888 40841216
1789814441.828393120 14832037888 40841216
1789814442.082271697 14832037888 40841216
1789814442.336065172 14832037888 40841216
1789814442.590178791 14832037888 40841216
1789814442.843976319 14832037888 40841216
1789814443.097836984 14832037888 40841216
1789814443.351637556 14832037888 40841216
1789814443.605402747 14832037888 40841216
1789814443.859309984 14832037888 40841216
1789814444.113324343 14832037888 40841216
1789814444.367046692 14832037888 40841216
1789814444.621084614 14832037888 40841216
1789814444.874843923 14832037888 40841216
1789814445.128633208 14832037888 40841216
1789814445.382757242 14832037888 40841216
1789814445.636491512 14832037888 40841216
1789814445.890552643 14832037888 40841216
1789814446.144441029 14832037888 40841216
1789814446.398457852 14832037888 40841216
1789814446.652426771 14832037888 40841216
1789814446.906287888 14832037888 40841216
1789814447.160114591 14832037888 40841216
1789814447.413963657 14832037888 40841216
1789814447.667871626 14832037888 40841216
1789814447.921733096 14832037888 40841216
1789814448.175493675 14832037888 40841216
1789814448.429673149 14832037888 40841216
1789814448.683548089 14832037888 40841216
1789814448.937659441 14832037888 40841216
1789814449.191627154 14832037888 40841216
1789814449.445444694 14832037888 40841216
1789814449.699562642 14832037888 40841216
1789814449.953588078 14832037888 40841216
1789814450.207615842 14832037888 40841216
1789814450.461769132 14832037888 40841216
1789814450.715649904 14832037888 40841216
1789814450.969907626 14832037888 40841216
1789814451.223773289 14832037888 40841216
1789814451.477674670 14832037888 40841216
1789814451.731797984 14832037888 40841216
1789814451.985700749 14832037888 40841216
1789814452.239423254 14832037888 40841216
1789814452.493400026 14832037888 40841216
1789814452.747194694 14832037888 40841216
1789814453.001027655 14832037888 40841216
1789814453.254994019 14832037888 40841216
1789814453.508904023 14832037888 40841216
1789814453.762976225 14832037888 40841216
1789814454.016921750 14832037888 40841216
1789814454.270755584 14832037888 40841216
1789814454.524923255 14832037888 40841216
1789814454.779117984 14832037888 40841216
1789814455.032944147 14832037888 40841216
1789814455.286974146 14832037888 40841216
1789814455.540823224 14832037888 40841216
1789814455.794646547 14832037888 40841216
1789814456.048576660 14832037888 40841216
1789814456.302468354 14832037888 40841216
1789814456.556431571 14832037888 40841216
1789814456.810429450 14832037888 40841216
1789814457.064366054 14832037888 40841216
1789814457.318219910 14832037888 40841216
1789814457.572324766 14832037888 40841216
1789814457.826153392 14832037888 40841216
1789814458.080100155 14832037888 40841216
1789814458.334070297 14832037888 40841216
1789814458.587812688 14832037888 40841216
1789814458.841552016 14832037888 40841216
1789814459.095593187 14832037888 40841216
1789814459.349662838 14832037888 40841216
1789814459.603523593 14832037888 40841216
1789814459.857922350 14832037888 40841216
1789814460.111922718 14832037888 40841216
1789814460.365672625 14832037888 40841216
1789814460.619582378 14832037888 40841216
1789814460.873401586 14832037888 40841216
1789814461.127205795 14832037888 40841216
1789814461.381356715 14832037888 40841216
1789814461.635222633 14832037888 40841216
1789814461.889311674 14832037888 40841216
1789814462.143235914 14832037888 40841216
1789814462.397036890 14832037888 40841216
1789814462.651055804 14832037888 40841216
1789814462.904827085 14832037888 40841216
1789814463.158850571 14832037888 40841216
1789814463.412865850 14832037888 40841216
1789814463.666562054 14832037888 40841216
1789814463.920409944 14832037888 40841216
1789814464.174214196 14832037888 40841216
1789814464.427958169 14832037888 40841216
1789814464.681927586 14832037888 40841216
1789814464.935818646 14832037888 40841216
1789814465.189762611 14832037888 40841216
1789814465.443789655 14832037888 40841216
1789814465.697797827 14832037888 40841216
1789814465.951684859 14832037888 40841216
1789814466.205501079 14832037888 40841216
1789814466.459444112 14832037888 40841216
1789814466.713496291 14832037888 40841216
1789814466.967381276 14832037888 40841216
1789814467.221430306 14832037888 40841216
1789814467.475373301 14832037888 40841216
1789814467.729332785 14832037888 40841216
1789814467.983256142 14832037888 40841216
1789814468.237074464 14832037888 40841216
1789814468.490980893 14832037888 40841216
1789814468.745008316 14832037888 40841216
1789814468.999129638 14832037888 40841216
1789814469.253031774 14832037888 40841216
1789814469.507211690 14832037888 40841216
1789814469.761059101 14832037888 40841216
1789814470.014864012 14832037888 40841216
1789814470.268633258 14832037888 40841216
1789814470.522470013 14832037888 40841216
1789814470.776325186 14832037888 40841216
1789814471.030316556 14832037888 40841216
1789814471.284218985 14832037888 40841216
1789814471.538253550 14832037888 40841216
1789814471.791971560 14832037888 40841216
1789814472.045825916 14832037888 40841216
1789814472.299675040 14832037888 40841216
1789814472.553696389 14832037888 40841216
1789814472.807967355 14832037888 40841216
1789814473.061919122 14832037888 40841216
1789814473.315794966 14832037888 40841216
1789814473.569636170 14832037888 40841216
1789814473.823636115 14832037888 40841216
1789814474.077404985 14832037888 40841216
1789814474.331235696 14832037888 40841216
1789814474.585123266 14832037888 40841216
1789814474.839115558 14832037888 40841216
1789814475.093009412 14832037888 40841216
1789814475.346892234 14832037888 40841216
1789814475.600794455 14832037888 40841216
1789814475.854863809 14832037888 40841216
1789814476.108696006 14832037888 40841216
1789814476.362577168 14832037888 40841216
1789814476.616498327 14832037888 40841216
1789814476.870414297 14832037888 40841216
1789814477.124257115 14832037888 40841216
1789814477.378036240 14832037888 40841216
1789814477.631848339 14832037888 40841216
1789814477.885596485 14832037888 40841216
1789814478.139350271 14832037888 40841216
1789814478.393650223 14832037888 40841216
1789814478.647418754 14832037888 40841216
1789814478.901377623 14832037888 40841216
1789814479.155383617 14832037888 40841216
1789814479.409314287 14832037888 40841216
1789814479.663112589 14832037888 40841216
1789814479.916946817 14832037888 40841216
1789814480.170748376 14832037888 40841216
1789814480.424661440 14832037888 40841216
1789814480.678424656 14832037888 40841216
1789814480.932198494 14832037888 40841216
1789814481.186032315 14832037888 40841216
1789814481.439767093 14832037888 40841216
1789814481.693737198 14832037888 40841216
1789814481.947680666 14832037888 40841216
1789814482.201517311 14832037888 40841216
1789814482.455407086 14832037888 40841216
1789814482.709096967 14832037888 40841216
1789814482.962831372 14832037888 40841216
1789814483.216667999 14832037888 40841216
1789814483.470839089 14832037888 40841216
1789814483.725188098 14832037888 40841216
1789814483.978958977 14832037888 40841216
1789814484.232836410 14832037888 40841216
1789814484.486788725 14832037888 40841216
1789814484.740834512 14832037888 40841216
1789814484.994941865 14832037888 40841216
1789814485.249071875 14832037888 40841216
1789814485.502913286 14832037888 40841216
1789814485.756846613 14832037888 40841216
1789814486.010970719 14832037888 40841216
1789814486.264877892 14832037888 40841216
1789814486.518753063 14832037888 40841216
1789814486.772510961 14832037888 40841216
1789814487.026945923 14832037888 40841216
1789814487.280744912 14832037888 40841216
1789814487.534762911 14832037888 40841216
1789814487.788777227 14832037888 40841216
1789814488.042595809 14832037888 40841216
1789814488.296409212 14832037888 40841216
1789814488.550239430 14832037888 40841216
1789814488.804055414 14832037888 40841216
1789814489.057880767 14832037888 40841216
1789814489.311895850 14832037888 40841216
1789814489.565647507 14832037888 40841216
1789814489.819700338 14832037888 40841216
1789814490.073709190 14832037888 40841216
1789814490.327604559 14832037888 40841216
1789814490.581569092 14832037888 40841216
1789814490.835570831 14832037888 40841216
1789814491.089367805 14832037888 40841216
1789814491.343246774 14832037888 40841216
1789814491.597077422 14832037888 40841216
1789814491.850937485 14832037888 40841216
1789814492.104692454 14832037888 40841216
1789814492.358468589 14832037888 40841216
1789814492.612279850 14832037888 40841216
1789814492.866120275 14832037888 40841216
1789814493.120215651 14832037888 40841216
1789814493.374115767 14832037888 40841216
1789814493.628002105 14832037888 40841216
1789814493.881813964 14832037888 40841216
1789814494.135632532 14832037888 40841216
1789814494.389731191 14832037888 40841216
1789814494.643876703 14832037888 40841216
1789814494.897977943 14832037888 40841216
1789814495.152012608 14832037888 40841216
1789814495.405921015 14832037888 40841216
1789814495.659730791 14832037888 40841216
1789814495.913539919 14832037888 40841216
1789814496.167288448 14832037888 40841216
1789814496.421190514 14832037888 40841216
1789814496.675131547 14832037888 40841216
1789814496.929055641 14832037888 40841216
1789814497.183319113 14832037888 40841216
1789814497.437237808 14832037888 40841216
1789814497.690965220 14832037888 40841216
1789814497.944911228 14832037888 40841216
1789814498.198691388 14832037888 40841216
1789814498.452807614 14832037888 40841216
1789814498.706933366 14832037888 40841216
1789814498.960843286 14832037888 40841216
